// Jest Snapshot v1, https://goo.gl/fbAQLP

exports[`renders 1`] = `
<DocumentFragment>
  <section>
    <input
      class="searchBar"
      type="search"
      value=""
    />
  </section>
</DocumentFragment>
`;
