// Jest Snapshot v1, https://goo.gl/fbAQLP

exports[`renders 1`] = `
<DocumentFragment>
  <div
    class="appWrapper"
  >
    <header
      class="appTitle"
    >
      Trusty Weather
    </header>
    <header
      class="locationContainer"
    />
    <section>
      <input
        class="searchBar"
        placeholder="Search by city name"
        type="search"
        value=""
      />
    </section>
    <div>
      <input
        type="submit"
        value="Search"
      />
    </div>
    <article
      class="forecastListContainer"
    />
  </div>
</DocumentFragment>
`;
