// Jest Snapshot v1, https://goo.gl/fbAQLP

exports[`renders 1`] = `
<DocumentFragment>
  <div>
    <input
      type="submit"
    />
  </div>
</DocumentFragment>
`;
